// Jest Snapshot v1, https://goo.gl/fbAQLP

exports[`EP New Schematic should create cart schematic files 1`] = `
[
  "/bar/README.md",
  "/bar/.composablerc",
  "/bar/.env.example",
  "/bar/.env.local",
  "/bar/.env.test",
  "/bar/.eslintrc.json",
  "/bar/.gitignore",
  "/bar/.lintstagedrc.js",
  "/bar/.prettierignore",
  "/bar/.prettierrc",
  "/bar/license.md",
  "/bar/next-env.d.ts",
  "/bar/next.config.js",
  "/bar/package.json",
  "/bar/playwright.config.ts",
  "/bar/postcss.config.js",
  "/bar/tailwind.config.ts",
  "/bar/tsconfig.json",
  "/bar/vite.config.ts",
  "/bar/public/favicon.ico",
  "/bar/e2e/product-details-page.spec.ts",
  "/bar/e2e/product-list-page.spec.ts",
  "/bar/e2e/home-page.spec.ts",
  "/bar/e2e/util/epcc-admin-client.ts",
  "/bar/e2e/util/epcc-client.ts",
  "/bar/e2e/util/fill-form-field.ts",
  "/bar/e2e/util/has-published-catalog.ts",
  "/bar/e2e/util/missing-published-catalog.ts",
  "/bar/e2e/util/skip-ci-env.ts",
  "/bar/e2e/util/get-cart-id.ts",
  "/bar/e2e/util/resolver-product-from-store.ts",
  "/bar/e2e/models/d2c-cart-page.ts",
  "/bar/e2e/models/d2c-product-detail-page.ts",
  "/bar/e2e/models/d2c-home-page.ts",
  "/bar/src/middleware.ts",
  "/bar/src/app/error.tsx",
  "/bar/src/app/layout.tsx",
  "/bar/src/app/not-found.tsx",
  "/bar/src/app/providers.tsx",
  "/bar/src/app/(store)/layout.tsx",
  "/bar/src/app/(store)/not-found.tsx",
  "/bar/src/app/(store)/page.tsx",
  "/bar/src/app/(store)/about/page.tsx",
  "/bar/src/app/(store)/faq/page.tsx",
  "/bar/src/app/(store)/shipping/page.tsx",
  "/bar/src/app/(store)/terms/page.tsx",
  "/bar/src/app/(store)/cart/CartItem.tsx",
  "/bar/src/app/(store)/cart/CartItemWide.tsx",
  "/bar/src/app/(store)/cart/CartSidebar.tsx",
  "/bar/src/app/(store)/cart/CartView.tsx",
  "/bar/src/app/(store)/cart/YourBag.tsx",
  "/bar/src/app/(store)/cart/page.tsx",
  "/bar/src/app/(store)/products/[productId]/page.tsx",
  "/bar/src/app/(store)/products/[productId]/product-display.tsx",
  "/bar/src/app/(store)/search/search.tsx",
  "/bar/src/app/(store)/search/[[...node]]/layout.tsx",
  "/bar/src/app/(store)/search/[[...node]]/page.tsx",
  "/bar/src/app/(store)/account/AccountNavigation.tsx",
  "/bar/src/app/(store)/account/breadcrumb.tsx",
  "/bar/src/app/(store)/account/layout.tsx",
  "/bar/src/app/(store)/account/addresses/actions.ts",
  "/bar/src/app/(store)/account/addresses/page.tsx",
  "/bar/src/app/(store)/account/addresses/[addressId]/page.tsx",
  "/bar/src/app/(store)/account/addresses/add/page.tsx",
  "/bar/src/app/(store)/account/orders/OrderItem.tsx",
  "/bar/src/app/(store)/account/orders/OrderItemWithDetails.tsx",
  "/bar/src/app/(store)/account/orders/page.tsx",
  "/bar/src/app/(store)/account/orders/[orderId]/OrderLineItem.tsx",
  "/bar/src/app/(store)/account/orders/[orderId]/ProductThumbnail.tsx",
  "/bar/src/app/(store)/account/orders/[orderId]/page.tsx",
  "/bar/src/app/(store)/account/summary/YourInfoForm.tsx",
  "/bar/src/app/(store)/account/summary/actions.ts",
  "/bar/src/app/(store)/account/summary/page.tsx",
  "/bar/src/app/configuration-error/page.tsx",
  "/bar/src/app/(auth)/account-memeber-credentials-schema.ts",
  "/bar/src/app/(auth)/actions.ts",
  "/bar/src/app/(auth)/layout.tsx",
  "/bar/src/app/(auth)/not-found.tsx",
  "/bar/src/app/(auth)/login/LoginForm.tsx",
  "/bar/src/app/(auth)/login/page.tsx",
  "/bar/src/app/(auth)/register/page.tsx",
  "/bar/src/components/Checkbox.tsx",
  "/bar/src/components/LoadingDots.tsx",
  "/bar/src/components/Spinner.tsx",
  "/bar/src/components/shimmer.tsx",
  "/bar/src/components/NoImage.tsx",
  "/bar/src/components/breadcrumb.tsx",
  "/bar/src/components/accordion/Accordion.tsx",
  "/bar/src/components/alert/Alert.tsx",
  "/bar/src/components/button/Button.tsx",
  "/bar/src/components/button/FormStatusButton.tsx",
  "/bar/src/components/button/LoaderIcon.tsx",
  "/bar/src/components/button/StatusButton.tsx",
  "/bar/src/components/button/TextButton.tsx",
  "/bar/src/components/form/Form.tsx",
  "/bar/src/components/icons/ep-icon.tsx",
  "/bar/src/components/icons/ep-logo.tsx",
  "/bar/src/components/icons/github-icon.tsx",
  "/bar/src/components/icons/cart.tsx",
  "/bar/src/components/input/Input.tsx",
  "/bar/src/components/label/Label.tsx",
  "/bar/src/components/navigation-menu/NavigationMenu.tsx",
  "/bar/src/components/number-input/EditQuantityButton.tsx",
  "/bar/src/components/number-input/NumberInput.tsx",
  "/bar/src/components/number-input/use-counter.ts",
  "/bar/src/components/pagination/Pagination.tsx",
  "/bar/src/components/pagination/ResourcePagination.tsx",
  "/bar/src/components/radio-group/RadioGroup.tsx",
  "/bar/src/components/select/Select.tsx",
  "/bar/src/components/separator/Separator.tsx",
  "/bar/src/components/shared/blurb.tsx",
  "/bar/src/components/sheet/Sheet.tsx",
  "/bar/src/components/skeleton/Skeleton.tsx",
  "/bar/src/components/toast/toaster.tsx",
  "/bar/src/components/cart/CartDiscounts.tsx",
  "/bar/src/components/cart/CartSheet.tsx",
  "/bar/src/components/header/AccountMobileMenu.tsx",
  "/bar/src/components/header/Header.tsx",
  "/bar/src/components/header/account/AccountMenu.tsx",
  "/bar/src/components/header/account/AccountSwitcher.tsx",
  "/bar/src/components/header/account/switch-button.tsx",
  "/bar/src/components/header/navigation/MobileAccountSwitcher.tsx",
  "/bar/src/components/header/navigation/MobileNavBar.tsx",
  "/bar/src/components/header/navigation/MobileNavBarButton.tsx",
  "/bar/src/components/header/navigation/NavBar.tsx",
  "/bar/src/components/header/navigation/NavBarPopover.tsx",
  "/bar/src/components/header/navigation/NavItemContent.tsx",
  "/bar/src/components/header/navigation/NavMenu.tsx",
  "/bar/src/components/footer/Footer.tsx",
  "/bar/src/components/product/Price.tsx",
  "/bar/src/components/product/ProductDetails.tsx",
  "/bar/src/components/product/ProductExtensions.tsx",
  "/bar/src/components/product/ProductSummary.tsx",
  "/bar/src/components/product/SimpleProduct.tsx",
  "/bar/src/components/product/StrikePrice.tsx",
  "/bar/src/components/product/bundles/BundleProduct.tsx",
  "/bar/src/components/product/bundles/ProductComponent.tsx",
  "/bar/src/components/product/bundles/ProductComponents.tsx",
  "/bar/src/components/product/bundles/form-parsers.test.ts",
  "/bar/src/components/product/bundles/form-parsers.ts",
  "/bar/src/components/product/bundles/sort-by-order.ts",
  "/bar/src/components/product/bundles/validation-schema.test.ts",
  "/bar/src/components/product/bundles/validation-schema.ts",
  "/bar/src/components/product/carousel/CarouselListener.tsx",
  "/bar/src/components/product/carousel/HorizontalCarousel.tsx",
  "/bar/src/components/product/carousel/ProductCarousel.module.css",
  "/bar/src/components/product/carousel/ProductCarousel.tsx",
  "/bar/src/components/product/carousel/ProductHighlightCarousel.tsx",
  "/bar/src/components/product/variations/ProductVariationColor.tsx",
  "/bar/src/components/product/variations/ProductVariationStandard.tsx",
  "/bar/src/components/product/variations/ProductVariations.tsx",
  "/bar/src/components/product/variations/VariationProduct.tsx",
  "/bar/src/components/search/Hit.tsx",
  "/bar/src/components/search/Hits.tsx",
  "/bar/src/components/search/MobileFilters.tsx",
  "/bar/src/components/search/NoResults.tsx",
  "/bar/src/components/search/NodeMenu.tsx",
  "/bar/src/components/search/Pagination.tsx",
  "/bar/src/components/search/ProductsProvider.tsx",
  "/bar/src/components/search/SearchResults.tsx",
  "/bar/src/components/featured-products/FeaturedProducts.tsx",
  "/bar/src/components/featured-products/fetchFeaturedProducts.ts",
  "/bar/src/components/promotion-banner/PromotionBanner.tsx",
  "/bar/src/lib/build-site-navigation.ts",
  "/bar/src/lib/cn.tsx",
  "/bar/src/lib/constants.ts",
  "/bar/src/lib/cookie-constants.ts",
  "/bar/src/lib/custom-rule-headers.ts",
  "/bar/src/lib/epcc-errors.ts",
  "/bar/src/lib/epcc-implicit-client.ts",
  "/bar/src/lib/epcc-server-client.ts",
  "/bar/src/lib/epcc-server-side-credentials-client.ts",
  "/bar/src/lib/epcc-server-side-implicit-client.ts",
  "/bar/src/lib/form-url-encode-body.ts",
  "/bar/src/lib/format-currency.tsx",
  "/bar/src/lib/format-iso-date-string.ts",
  "/bar/src/lib/get-error-message.ts",
  "/bar/src/lib/get-store-initial-state.ts",
  "/bar/src/lib/is-account-member-authenticated.ts",
  "/bar/src/lib/is-empty-object.ts",
  "/bar/src/lib/resolve-cart-env.ts",
  "/bar/src/lib/resolve-ep-currency-code.ts",
  "/bar/src/lib/resolve-epcc-env.ts",
  "/bar/src/lib/retrieve-account-member-credentials.ts",
  "/bar/src/lib/sort-alphabetically.ts",
  "/bar/src/lib/to-base-64.ts",
  "/bar/src/lib/token-expired.ts",
  "/bar/src/lib/cart-cookie-server.ts",
  "/bar/src/lib/color-lookup.ts",
  "/bar/src/lib/connect-products-with-main-images.ts",
  "/bar/src/lib/is-supported-extension.ts",
  "/bar/src/lib/product-context.ts",
  "/bar/src/lib/product-helper.test.ts",
  "/bar/src/lib/product-helper.ts",
  "/bar/src/lib/product-util.test.ts",
  "/bar/src/lib/product-util.ts",
  "/bar/src/lib/build-breadcrumb-lookup.ts",
  "/bar/src/lib/create-breadcrumb.ts",
  "/bar/src/lib/use-debounced.ts",
  "/bar/src/lib/file-lookup.test.ts",
  "/bar/src/lib/file-lookup.ts",
  "/bar/src/lib/middleware/apply-set-cookie.ts",
  "/bar/src/lib/middleware/cart-cookie-middleware.ts",
  "/bar/src/lib/middleware/create-missing-environment-variable-url.ts",
  "/bar/src/lib/middleware/implicit-auth-middleware.ts",
  "/bar/src/lib/middleware/middleware-runner.ts",
  "/bar/src/lib/types/deep-partial.ts",
  "/bar/src/lib/types/non-empty-array.ts",
  "/bar/src/lib/types/read-only-non-empty-array.ts",
  "/bar/src/lib/types/matrix-object-entry.ts",
  "/bar/src/lib/types/product-types.ts",
  "/bar/src/lib/types/breadcrumb-lookup.ts",
  "/bar/src/lib/types/unpacked.ts",
  "/bar/src/services/hierarchy.ts",
  "/bar/src/services/cart.ts",
  "/bar/src/services/products.ts",
  "/bar/src/styles/globals.css",
]
`;

exports[`EP New Schematic should create files of a workspace 1`] = `
[
  "/bar/README.md",
  "/bar/.composablerc",
  "/bar/.env.example",
  "/bar/.env.local",
  "/bar/.env.test",
  "/bar/.eslintrc.json",
  "/bar/.gitignore",
  "/bar/.lintstagedrc.js",
  "/bar/.prettierignore",
  "/bar/.prettierrc",
  "/bar/license.md",
  "/bar/next-env.d.ts",
  "/bar/next.config.js",
  "/bar/package.json",
  "/bar/playwright.config.ts",
  "/bar/postcss.config.js",
  "/bar/tailwind.config.ts",
  "/bar/tsconfig.json",
  "/bar/vite.config.ts",
  "/bar/public/favicon.ico",
  "/bar/e2e/product-details-page.spec.ts",
  "/bar/e2e/product-list-page.spec.ts",
  "/bar/e2e/home-page.spec.ts",
  "/bar/e2e/util/epcc-admin-client.ts",
  "/bar/e2e/util/epcc-client.ts",
  "/bar/e2e/util/fill-form-field.ts",
  "/bar/e2e/util/has-published-catalog.ts",
  "/bar/e2e/util/missing-published-catalog.ts",
  "/bar/e2e/util/skip-ci-env.ts",
  "/bar/e2e/util/get-cart-id.ts",
  "/bar/e2e/util/resolver-product-from-store.ts",
  "/bar/e2e/models/d2c-cart-page.ts",
  "/bar/e2e/models/d2c-product-detail-page.ts",
  "/bar/e2e/models/d2c-home-page.ts",
  "/bar/src/middleware.ts",
  "/bar/src/app/error.tsx",
  "/bar/src/app/layout.tsx",
  "/bar/src/app/not-found.tsx",
  "/bar/src/app/providers.tsx",
  "/bar/src/app/(store)/layout.tsx",
  "/bar/src/app/(store)/not-found.tsx",
  "/bar/src/app/(store)/page.tsx",
  "/bar/src/app/(store)/about/page.tsx",
  "/bar/src/app/(store)/faq/page.tsx",
  "/bar/src/app/(store)/shipping/page.tsx",
  "/bar/src/app/(store)/terms/page.tsx",
  "/bar/src/app/(store)/cart/CartItem.tsx",
  "/bar/src/app/(store)/cart/CartItemWide.tsx",
  "/bar/src/app/(store)/cart/CartSidebar.tsx",
  "/bar/src/app/(store)/cart/CartView.tsx",
  "/bar/src/app/(store)/cart/YourBag.tsx",
  "/bar/src/app/(store)/cart/page.tsx",
  "/bar/src/app/(store)/products/[productId]/page.tsx",
  "/bar/src/app/(store)/products/[productId]/product-display.tsx",
  "/bar/src/app/(store)/search/search.tsx",
  "/bar/src/app/(store)/search/[[...node]]/layout.tsx",
  "/bar/src/app/(store)/search/[[...node]]/page.tsx",
  "/bar/src/app/(store)/account/AccountNavigation.tsx",
  "/bar/src/app/(store)/account/breadcrumb.tsx",
  "/bar/src/app/(store)/account/layout.tsx",
  "/bar/src/app/(store)/account/addresses/actions.ts",
  "/bar/src/app/(store)/account/addresses/page.tsx",
  "/bar/src/app/(store)/account/addresses/[addressId]/page.tsx",
  "/bar/src/app/(store)/account/addresses/add/page.tsx",
  "/bar/src/app/(store)/account/orders/OrderItem.tsx",
  "/bar/src/app/(store)/account/orders/OrderItemWithDetails.tsx",
  "/bar/src/app/(store)/account/orders/page.tsx",
  "/bar/src/app/(store)/account/orders/[orderId]/OrderLineItem.tsx",
  "/bar/src/app/(store)/account/orders/[orderId]/ProductThumbnail.tsx",
  "/bar/src/app/(store)/account/orders/[orderId]/page.tsx",
  "/bar/src/app/(store)/account/summary/YourInfoForm.tsx",
  "/bar/src/app/(store)/account/summary/actions.ts",
  "/bar/src/app/(store)/account/summary/page.tsx",
  "/bar/src/app/configuration-error/page.tsx",
  "/bar/src/app/(auth)/account-memeber-credentials-schema.ts",
  "/bar/src/app/(auth)/actions.ts",
  "/bar/src/app/(auth)/layout.tsx",
  "/bar/src/app/(auth)/not-found.tsx",
  "/bar/src/app/(auth)/login/LoginForm.tsx",
  "/bar/src/app/(auth)/login/page.tsx",
  "/bar/src/app/(auth)/register/page.tsx",
  "/bar/src/components/Checkbox.tsx",
  "/bar/src/components/LoadingDots.tsx",
  "/bar/src/components/Spinner.tsx",
  "/bar/src/components/shimmer.tsx",
  "/bar/src/components/NoImage.tsx",
  "/bar/src/components/breadcrumb.tsx",
  "/bar/src/components/accordion/Accordion.tsx",
  "/bar/src/components/alert/Alert.tsx",
  "/bar/src/components/button/Button.tsx",
  "/bar/src/components/button/FormStatusButton.tsx",
  "/bar/src/components/button/LoaderIcon.tsx",
  "/bar/src/components/button/StatusButton.tsx",
  "/bar/src/components/button/TextButton.tsx",
  "/bar/src/components/form/Form.tsx",
  "/bar/src/components/icons/ep-icon.tsx",
  "/bar/src/components/icons/ep-logo.tsx",
  "/bar/src/components/icons/github-icon.tsx",
  "/bar/src/components/icons/cart.tsx",
  "/bar/src/components/input/Input.tsx",
  "/bar/src/components/label/Label.tsx",
  "/bar/src/components/navigation-menu/NavigationMenu.tsx",
  "/bar/src/components/number-input/EditQuantityButton.tsx",
  "/bar/src/components/number-input/NumberInput.tsx",
  "/bar/src/components/number-input/use-counter.ts",
  "/bar/src/components/pagination/Pagination.tsx",
  "/bar/src/components/pagination/ResourcePagination.tsx",
  "/bar/src/components/radio-group/RadioGroup.tsx",
  "/bar/src/components/select/Select.tsx",
  "/bar/src/components/separator/Separator.tsx",
  "/bar/src/components/shared/blurb.tsx",
  "/bar/src/components/sheet/Sheet.tsx",
  "/bar/src/components/skeleton/Skeleton.tsx",
  "/bar/src/components/toast/toaster.tsx",
  "/bar/src/components/cart/CartDiscounts.tsx",
  "/bar/src/components/cart/CartSheet.tsx",
  "/bar/src/components/header/AccountMobileMenu.tsx",
  "/bar/src/components/header/Header.tsx",
  "/bar/src/components/header/account/AccountMenu.tsx",
  "/bar/src/components/header/account/AccountSwitcher.tsx",
  "/bar/src/components/header/account/switch-button.tsx",
  "/bar/src/components/header/navigation/MobileAccountSwitcher.tsx",
  "/bar/src/components/header/navigation/MobileNavBar.tsx",
  "/bar/src/components/header/navigation/MobileNavBarButton.tsx",
  "/bar/src/components/header/navigation/NavBar.tsx",
  "/bar/src/components/header/navigation/NavBarPopover.tsx",
  "/bar/src/components/header/navigation/NavItemContent.tsx",
  "/bar/src/components/header/navigation/NavMenu.tsx",
  "/bar/src/components/footer/Footer.tsx",
  "/bar/src/components/product/Price.tsx",
  "/bar/src/components/product/ProductDetails.tsx",
  "/bar/src/components/product/ProductExtensions.tsx",
  "/bar/src/components/product/ProductSummary.tsx",
  "/bar/src/components/product/SimpleProduct.tsx",
  "/bar/src/components/product/StrikePrice.tsx",
  "/bar/src/components/product/bundles/BundleProduct.tsx",
  "/bar/src/components/product/bundles/ProductComponent.tsx",
  "/bar/src/components/product/bundles/ProductComponents.tsx",
  "/bar/src/components/product/bundles/form-parsers.test.ts",
  "/bar/src/components/product/bundles/form-parsers.ts",
  "/bar/src/components/product/bundles/sort-by-order.ts",
  "/bar/src/components/product/bundles/validation-schema.test.ts",
  "/bar/src/components/product/bundles/validation-schema.ts",
  "/bar/src/components/product/carousel/CarouselListener.tsx",
  "/bar/src/components/product/carousel/HorizontalCarousel.tsx",
  "/bar/src/components/product/carousel/ProductCarousel.module.css",
  "/bar/src/components/product/carousel/ProductCarousel.tsx",
  "/bar/src/components/product/carousel/ProductHighlightCarousel.tsx",
  "/bar/src/components/product/variations/ProductVariationColor.tsx",
  "/bar/src/components/product/variations/ProductVariationStandard.tsx",
  "/bar/src/components/product/variations/ProductVariations.tsx",
  "/bar/src/components/product/variations/VariationProduct.tsx",
  "/bar/src/components/search/Hit.tsx",
  "/bar/src/components/search/Hits.tsx",
  "/bar/src/components/search/MobileFilters.tsx",
  "/bar/src/components/search/NoResults.tsx",
  "/bar/src/components/search/NodeMenu.tsx",
  "/bar/src/components/search/Pagination.tsx",
  "/bar/src/components/search/ProductsProvider.tsx",
  "/bar/src/components/search/SearchResults.tsx",
  "/bar/src/components/featured-products/FeaturedProducts.tsx",
  "/bar/src/components/featured-products/fetchFeaturedProducts.ts",
  "/bar/src/components/promotion-banner/PromotionBanner.tsx",
  "/bar/src/lib/build-site-navigation.ts",
  "/bar/src/lib/cn.tsx",
  "/bar/src/lib/constants.ts",
  "/bar/src/lib/cookie-constants.ts",
  "/bar/src/lib/custom-rule-headers.ts",
  "/bar/src/lib/epcc-errors.ts",
  "/bar/src/lib/epcc-implicit-client.ts",
  "/bar/src/lib/epcc-server-client.ts",
  "/bar/src/lib/epcc-server-side-credentials-client.ts",
  "/bar/src/lib/epcc-server-side-implicit-client.ts",
  "/bar/src/lib/form-url-encode-body.ts",
  "/bar/src/lib/format-currency.tsx",
  "/bar/src/lib/format-iso-date-string.ts",
  "/bar/src/lib/get-error-message.ts",
  "/bar/src/lib/get-store-initial-state.ts",
  "/bar/src/lib/is-account-member-authenticated.ts",
  "/bar/src/lib/is-empty-object.ts",
  "/bar/src/lib/resolve-cart-env.ts",
  "/bar/src/lib/resolve-ep-currency-code.ts",
  "/bar/src/lib/resolve-epcc-env.ts",
  "/bar/src/lib/retrieve-account-member-credentials.ts",
  "/bar/src/lib/sort-alphabetically.ts",
  "/bar/src/lib/to-base-64.ts",
  "/bar/src/lib/token-expired.ts",
  "/bar/src/lib/cart-cookie-server.ts",
  "/bar/src/lib/color-lookup.ts",
  "/bar/src/lib/connect-products-with-main-images.ts",
  "/bar/src/lib/is-supported-extension.ts",
  "/bar/src/lib/product-context.ts",
  "/bar/src/lib/product-helper.test.ts",
  "/bar/src/lib/product-helper.ts",
  "/bar/src/lib/product-util.test.ts",
  "/bar/src/lib/product-util.ts",
  "/bar/src/lib/build-breadcrumb-lookup.ts",
  "/bar/src/lib/create-breadcrumb.ts",
  "/bar/src/lib/use-debounced.ts",
  "/bar/src/lib/file-lookup.test.ts",
  "/bar/src/lib/file-lookup.ts",
  "/bar/src/lib/middleware/apply-set-cookie.ts",
  "/bar/src/lib/middleware/cart-cookie-middleware.ts",
  "/bar/src/lib/middleware/create-missing-environment-variable-url.ts",
  "/bar/src/lib/middleware/implicit-auth-middleware.ts",
  "/bar/src/lib/middleware/middleware-runner.ts",
  "/bar/src/lib/types/deep-partial.ts",
  "/bar/src/lib/types/non-empty-array.ts",
  "/bar/src/lib/types/read-only-non-empty-array.ts",
  "/bar/src/lib/types/matrix-object-entry.ts",
  "/bar/src/lib/types/product-types.ts",
  "/bar/src/lib/types/breadcrumb-lookup.ts",
  "/bar/src/lib/types/unpacked.ts",
  "/bar/src/services/hierarchy.ts",
  "/bar/src/services/cart.ts",
  "/bar/src/services/products.ts",
  "/bar/src/styles/globals.css",
]
`;
