// Jest Snapshot v1, https://goo.gl/fbAQLP

exports[`Product List Page Algolia Schematic algolia product list page schematic should create example files 1`] = `
[
  "/README.md",
  "/.composablerc",
  "/.env.example",
  "/.env.local",
  "/.env.test",
  "/.eslintrc.json",
  "/.gitignore",
  "/.lintstagedrc.js",
  "/.prettierignore",
  "/.prettierrc",
  "/license.md",
  "/next-env.d.ts",
  "/next.config.js",
  "/package.json",
  "/playwright.config.ts",
  "/postcss.config.js",
  "/tailwind.config.ts",
  "/tsconfig.json",
  "/vite.config.ts",
  "/public/favicon.ico",
  "/e2e/product-list-page.spec.ts",
  "/e2e/util/epcc-admin-client.ts",
  "/e2e/util/epcc-client.ts",
  "/e2e/util/fill-form-field.ts",
  "/e2e/util/has-published-catalog.ts",
  "/e2e/util/missing-published-catalog.ts",
  "/e2e/util/skip-ci-env.ts",
  "/src/middleware.ts",
  "/src/app/error.tsx",
  "/src/app/layout.tsx",
  "/src/app/not-found.tsx",
  "/src/app/providers.tsx",
  "/src/app/(store)/layout.tsx",
  "/src/app/(store)/not-found.tsx",
  "/src/app/(store)/about/page.tsx",
  "/src/app/(store)/faq/page.tsx",
  "/src/app/(store)/shipping/page.tsx",
  "/src/app/(store)/terms/page.tsx",
  "/src/app/(store)/search/search.tsx",
  "/src/app/(store)/search/[[...node]]/layout.tsx",
  "/src/app/(store)/search/[[...node]]/page.tsx",
  "/src/app/configuration-error/page.tsx",
  "/src/components/Checkbox.tsx",
  "/src/components/LoadingDots.tsx",
  "/src/components/Spinner.tsx",
  "/src/components/shimmer.tsx",
  "/src/components/breadcrumb.tsx",
  "/src/components/accordion/Accordion.tsx",
  "/src/components/alert/Alert.tsx",
  "/src/components/button/Button.tsx",
  "/src/components/button/FormStatusButton.tsx",
  "/src/components/button/LoaderIcon.tsx",
  "/src/components/button/StatusButton.tsx",
  "/src/components/button/TextButton.tsx",
  "/src/components/form/Form.tsx",
  "/src/components/icons/ep-icon.tsx",
  "/src/components/icons/ep-logo.tsx",
  "/src/components/icons/github-icon.tsx",
  "/src/components/input/Input.tsx",
  "/src/components/label/Label.tsx",
  "/src/components/navigation-menu/NavigationMenu.tsx",
  "/src/components/number-input/EditQuantityButton.tsx",
  "/src/components/number-input/NumberInput.tsx",
  "/src/components/number-input/use-counter.ts",
  "/src/components/pagination/Pagination.tsx",
  "/src/components/pagination/ResourcePagination.tsx",
  "/src/components/radio-group/RadioGroup.tsx",
  "/src/components/select/Select.tsx",
  "/src/components/separator/Separator.tsx",
  "/src/components/shared/blurb.tsx",
  "/src/components/sheet/Sheet.tsx",
  "/src/components/skeleton/Skeleton.tsx",
  "/src/components/toast/toaster.tsx",
  "/src/components/search/Hit.tsx",
  "/src/components/search/Hits.tsx",
  "/src/components/search/MobileFilters.tsx",
  "/src/components/search/NoResults.tsx",
  "/src/components/search/NodeMenu.tsx",
  "/src/components/search/Pagination.tsx",
  "/src/components/search/SearchHit.ts",
  "/src/components/search/SearchResults.tsx",
  "/src/components/search/price-range-slider/PriceRangeSlider.tsx",
  "/src/components/search/price-range-slider/PriceRangeSliderWrapper.tsx",
  "/src/components/search/product-specification/BrandRefinement.tsx",
  "/src/components/search/product-specification/ColorRefinement.tsx",
  "/src/components/search/product-specification/OnSaleRefinement.tsx",
  "/src/components/search/product-specification/ProductSpecification.tsx",
  "/src/lib/build-site-navigation.ts",
  "/src/lib/cn.tsx",
  "/src/lib/constants.ts",
  "/src/lib/cookie-constants.ts",
  "/src/lib/custom-rule-headers.ts",
  "/src/lib/epcc-errors.ts",
  "/src/lib/epcc-implicit-client.ts",
  "/src/lib/epcc-server-client.ts",
  "/src/lib/epcc-server-side-credentials-client.ts",
  "/src/lib/epcc-server-side-implicit-client.ts",
  "/src/lib/form-url-encode-body.ts",
  "/src/lib/format-currency.tsx",
  "/src/lib/format-iso-date-string.ts",
  "/src/lib/get-error-message.ts",
  "/src/lib/get-store-initial-state.ts",
  "/src/lib/is-account-member-authenticated.ts",
  "/src/lib/is-empty-object.ts",
  "/src/lib/resolve-cart-env.ts",
  "/src/lib/resolve-ep-currency-code.ts",
  "/src/lib/resolve-epcc-env.ts",
  "/src/lib/retrieve-account-member-credentials.ts",
  "/src/lib/sort-alphabetically.ts",
  "/src/lib/to-base-64.ts",
  "/src/lib/token-expired.ts",
  "/src/lib/build-breadcrumb-lookup.ts",
  "/src/lib/create-breadcrumb.ts",
  "/src/lib/use-debounced.ts",
  "/src/lib/algolia-search-routing.ts",
  "/src/lib/hierarchical-attributes.ts",
  "/src/lib/resolve-algolia-env.ts",
  "/src/lib/search-client.ts",
  "/src/lib/search-constants.ts",
  "/src/lib/sort-by-items.ts",
  "/src/lib/middleware/apply-set-cookie.ts",
  "/src/lib/middleware/cart-cookie-middleware.ts",
  "/src/lib/middleware/create-missing-environment-variable-url.ts",
  "/src/lib/middleware/implicit-auth-middleware.ts",
  "/src/lib/middleware/middleware-runner.ts",
  "/src/lib/types/deep-partial.ts",
  "/src/lib/types/non-empty-array.ts",
  "/src/lib/types/read-only-non-empty-array.ts",
  "/src/lib/types/breadcrumb-lookup.ts",
  "/src/lib/types/unpacked.ts",
  "/src/lib/types/search-query-params.ts",
  "/src/services/hierarchy.ts",
  "/src/styles/globals.css",
]
`;
